<html>
<body>
<pre>
<h1>礦ision Build Log</h1>
<h2>Tool Versions:</h2>
IDE-Version: μVision V5.21.1.0
Copyright (C) 2016 ARM Ltd and ARM Germany GmbH. All rights reserved.
License Information: LJJ LJJ, LJJ, LIC=8MZI6-DESXD-WKYB8-32RYI-FB8KS-P6EY3
 
Tool Versions:
Toolchain:       MDK-ARM Professional  Version: 5.21a
Toolchain Path:  F:\MDK5\ARM\ARMCC\Bin
C Compiler:      Armcc.exe V5.06 update 3 (build 300)
Assembler:       Armasm.exe V5.06 update 3 (build 300)
Linker/Locator:  ArmLink.exe V5.06 update 3 (build 300)
Library Manager: ArmAr.exe V5.06 update 3 (build 300)
Hex Converter:   FromElf.exe V5.06 update 3 (build 300)
CPU DLL:         SARMCM3.DLL V5.21a
Dialog DLL:      DCM.DLL V1.13.8.0
Target DLL:      UL2CM3.DLL V1.158.5.0
Dialog DLL:      TCM.DLL V1.14.14.0
 
<h2>Project:</h2>
F:\DHT11_ToOneNetByMqtt\USER\DHT11_ToOneNetByMqtt.uvprojx
Project File Date:  01/04/2021

<h2>Output:</h2>
*** Using Compiler 'V5.06 update 3 (build 300)', folder: 'F:\MDK5\ARM\ARMCC\Bin'
Rebuild target '工程'
compiling timer2.c...
compiling timer3.c...
compiling delay.c...
compiling usart2.c...
compiling stm32f10x_it.c...
compiling usart1.c...
compiling main.c...
compiling core_cm3.c...
compiling timer4.c...
compiling led.c...
compiling wifi.c...
compiling control.c...
compiling dht11.c...
compiling mqtt.c...
assembling startup_stm32f10x_hd.s...
compiling system_stm32f10x.c...
compiling misc.c...
compiling stm32f10x_rcc.c...
compiling stm32f10x_gpio.c...
compiling stm32f10x_usart.c...
compiling sys.c...
compiling stm32f10x_tim.c...
linking...
Program Size: Code=16580 RO-data=884 RW-data=148 ZI-data=9252  
FromELF: creating hex file...
"..\OBJ\工程文件.axf" - 0 Error(s), 0 Warning(s).

<h2>Collection of Component include folders:</h2>
  F:\DHT11_ToOneNetByMqtt\USER\RTE
  F:\MDK5\ARM\PACK\Keil\STM32F1xx_DFP\2.2.0\Device\Include

<h2>Collection of Component Files used:</h2>
Build Time Elapsed:  00:00:05
</pre>
</body>
</html>
